Microchip MPLAB XC8 Compiler V2.46

Linker command line:

-W-3 \
  --edf=C:\Program Files\Microchip\xc8\v2.46\pic\dat\20240104201356_en.msgs \
  -cn -h+dist/default/production\24021_087_car_black_box.X.production.sym \
  --cmf=dist/default/production\24021_087_car_black_box.X.production.cmf -z \
  -Q18F4580 -oC:\Users\barat\AppData\Local\Temp\xcBse7s.1\driver_tmp_3.o \
  --defsym=__MPLAB_BUILD=1 --fixupoverflow=error \
  -Mdist/default/production/24021_087_car_black_box.X.production.map \
  --md=C:\Users\barat\AppData\Local\Temp\xcBse7s.1\driver_tmp_0.dat -E1 \
  -ver=XC8 Compiler --acfsm=1493 -ACODE=00h-03000h -ACONST=00h-03000h \
  -ASMALLCONST=0600h-06FFhx42,03000h-03000h -AMEDIUMCONST=0600h-03000h \
  -ACOMRAM=01h-05Fh -AABS1=00h-05FFh -ABIGRAM=01h-05FFh \
  -ARAM=060h-0FFh,0100h-01FFhx5 -ABANK0=060h-0FFh -ABANK1=0100h-01FFh \
  -ABANK2=0200h-02FFh -ABANK3=0300h-03FFh -ABANK4=0400h-04FFh \
  -ABANK5=0500h-05FFh -ASFR=0D00h-0DFFhx2,0F00h-0F5Fh,0F60h-0FFFh \
  -ABIGSFR=0D00h-0FFFh -ACONFIG=0300000h-030000Dh -AIDLOC=0200000h-0200007h \
  -AEEDATA=0F00000h-0F000FFh -peeprom_data=EEDATA \
  -preset_vec=00h,intcode,sivt_hi,intcodelo,sivt_lo,powerup,init \
  -pramtop=0600h -psmallconst=SMALLCONST -pmediumconst=MEDIUMCONST \
  -pconst=CONST -AFARRAM=00h-00h \
  -prdata=COMRAM,nvrram=COMRAM,nvbit=COMRAM,rbss=COMRAM,rbit=COMRAM \
  -pfarbss=FARRAM,fardata=FARRAM,nvFARRAM=FARRAM \
  -pintsave_regs=BIGRAM,bigbss=BIGRAM,bigdata=BIGRAM -pbss=RAM \
  -pidata=CODE,irdata=CODE,ibigdata=CODE,ifardata=CODE -prparam=COMRAM \
  C:\Users\barat\AppData\Local\Temp\xcBse7s.1\driver_tmp_9.o \
  dist/default/production\24021_087_car_black_box.X.production.o 

Object code version is 3.11

Machine type is 18F4580



                Name                               Link     Load   Length Selector   Space Scale
C:\Users\barat\AppData\Local\Temp\xcBse7s.1\driver_tmp_9.o
                idloc                            200000   200000        8        0       5
                config                           300000   300000        E        0       4
                init                                  0        0        4        0       0
dist/default/production\24021_087_car_black_box.X.production.o
                idloc                            200000   200000        8        0       5
                config                           300000   300000        E        0       4
                mediumconst                        2EE0     2EE0      120     1770       0
                text42                             1498     1498       3A      A4C       0
                text41                             161A     161A       6C      B0D       0
                text40                             16F2     16F2       6E      B79       0
                text39                             1348     1348       18      9A4       0
                text38                             1C16     1C16      154      E0B       0
                text37                             1360     1360       18      9B0       0
                text36                             1462     1462       36      A31       0
                text35                             12BC     12BC        6      95E       0
                text34                             12FA     12FA       12      97D       0
                text33                             12C2     12C2        8      961       0
                text32                             12E2     12E2        C      971       0
                text31                             12CA     12CA        8      965       0
                text30                             12D2     12D2        8      969       0
                text29                             12DA     12DA        8      96D       0
                text28                             12EE     12EE        C      977       0
                text27                             140E     140E       2A      A07       0
                text26                             2532     2532      20A     1299       0
                text25                             13CE     13CE       20      9E7       0
                text24                             1960     1960       A8      CB0       0
                text23                             1438     1438       2A      A1C       0
                text22                             1392     1392       1E      9C9       0
                text21                             1378     1378       1A      9BC       0
                text20                             1332     1332       16      999       0
                text19                             130C     130C       12      986       0
                text18                             13EE     13EE       20      9F7       0
                text17                             13B0     13B0       1E      9D8       0
                text16                             1B0E     1B0E      108      D87       0
                text15                             17D4     17D4       76      BEA       0
                text14                             1760     1760       74      BB0       0
                text13                             15B6     15B6       64      ADB       0
                text12                             184A     184A       84      C25       0
                text11                             2AD6     2AD6      40A     156B       0
                text10                             273C     273C      39A     139E       0
                text9                              1A08     1A08      106      D04       0
                text8                              237E     237E      1B4     11BF       0
                text7                              131E     131E       14      98F       0
                text6                              14D2     14D2       40      A69       0
                text5                              1D6A     1D6A      162      EB5       0
                text4                              1512     1512       46      A89       0
                text3                              1ECC     1ECC      180      F66       0
                text2                              204C     204C      188     1026       0
                text1                              21D4     21D4      1AA     10EA       0
                text0                              18CE     18CE       92      C67       0
                cstackCOMRAM                          1        1       3B        1       1
                bssBANK1                            100      100       A0      100       1
                dataBANK0                            60       60       5E       60       1
                bssBANK0                             BE       BE        9       60       1
                dataCOMRAM                           59       59        3        1       1
                bssCOMRAM                            3C       3C       1D        1       1
                cinit                              1686     1686       6C      B43       0
                idataBANK0                         1558     1558       5E     1558       0
                idataCOMRAM                        12B9     12B9        3     12B9       0

TOTAL           Name                               Link     Load   Length     Space
        CLASS   CODE           
                init                                  0        0        4         0
                text42                             1498     1498       3A         0
                text41                             161A     161A       6C         0
                text40                             16F2     16F2       6E         0
                text39                             1348     1348       18         0
                text38                             1C16     1C16      154         0
                text37                             1360     1360       18         0
                text36                             1462     1462       36         0
                text35                             12BC     12BC        6         0
                text34                             12FA     12FA       12         0
                text33                             12C2     12C2        8         0
                text32                             12E2     12E2        C         0
                text31                             12CA     12CA        8         0
                text30                             12D2     12D2        8         0
                text29                             12DA     12DA        8         0
                text28                             12EE     12EE        C         0
                text27                             140E     140E       2A         0
                text26                             2532     2532      20A         0
                text25                             13CE     13CE       20         0
                text24                             1960     1960       A8         0
                text23                             1438     1438       2A         0
                text22                             1392     1392       1E         0
                text21                             1378     1378       1A         0
                text20                             1332     1332       16         0
                text19                             130C     130C       12         0
                text18                             13EE     13EE       20         0
                text17                             13B0     13B0       1E         0
                text16                             1B0E     1B0E      108         0
                text15                             17D4     17D4       76         0
                text14                             1760     1760       74         0
                text13                             15B6     15B6       64         0
                text12                             184A     184A       84         0
                text11                             2AD6     2AD6      40A         0
                text10                             273C     273C      39A         0
                text9                              1A08     1A08      106         0
                text8                              237E     237E      1B4         0
                text7                              131E     131E       14         0
                text6                              14D2     14D2       40         0
                text5                              1D6A     1D6A      162         0
                text4                              1512     1512       46         0
                text3                              1ECC     1ECC      180         0
                text2                              204C     204C      188         0
                text1                              21D4     21D4      1AA         0
                text0                              18CE     18CE       92         0
                cinit                              1686     1686       6C         0
                idataBANK0                         1558     1558       5E         0
                idataCOMRAM                        12B9     12B9        3         0

        CLASS   CONST          

        CLASS   SMALLCONST     

        CLASS   MEDIUMCONST    
                mediumconst                        2EE0     2EE0      120         0

        CLASS   COMRAM         
                cstackCOMRAM                          1        1       3B         1
                dataCOMRAM                           59       59        3         1
                bssCOMRAM                            3C       3C       1D         1

        CLASS   ABS1           

        CLASS   BIGRAM         

        CLASS   RAM            

        CLASS   BANK0          
                dataBANK0                            60       60       5E         1
                bssBANK0                             BE       BE        9         1

        CLASS   BANK1          
                bssBANK1                            100      100       A0         1

        CLASS   BANK2          

        CLASS   BANK3          

        CLASS   BANK4          

        CLASS   BANK5          

        CLASS   SFR            

        CLASS   BIGSFR         

        CLASS   CONFIG         
                config                           300000   300000        E         4

        CLASS   IDLOC          
                idloc                            200000   200000        8         5

        CLASS   EEDATA         

        CLASS   FARRAM         

        CLASS   HEAP           

        CLASS   STACK          



SEGMENTS        Name                           Load    Length   Top    Selector   Space  Class

                reset_vec                      000000  000004  000004         0       0  CODE    
                cstackCOMRAM                   000001  00005B  00005C         1       1  COMRAM  
                dataBANK0                      000060  000067  0000C7        60       1  BANK0   
                bssBANK1                       000100  0000A0  0001A0       100       1  BANK1   
                idataCOMRAM                    0012B9  000003  0012BC      12B9       0  CODE    
                text35                         0012BC  000006  0012C2       95E       0  CODE    
                text33                         0012C2  000008  0012CA       961       0  CODE    
                text31                         0012CA  000008  0012D2       965       0  CODE    
                text30                         0012D2  000008  0012DA       969       0  CODE    
                text29                         0012DA  000008  0012E2       96D       0  CODE    
                text32                         0012E2  00000C  0012EE       971       0  CODE    
                text28                         0012EE  00000C  0012FA       977       0  CODE    
                text34                         0012FA  000012  00130C       97D       0  CODE    
                text19                         00130C  000012  00131E       986       0  CODE    
                text7                          00131E  000014  001332       98F       0  CODE    
                text20                         001332  000016  001348       999       0  CODE    
                text39                         001348  000018  001360       9A4       0  CODE    
                text37                         001360  000018  001378       9B0       0  CODE    
                text21                         001378  00001A  001392       9BC       0  CODE    
                text22                         001392  00001E  0013B0       9C9       0  CODE    
                text17                         0013B0  00001E  0013CE       9D8       0  CODE    
                text25                         0013CE  000020  0013EE       9E7       0  CODE    
                text18                         0013EE  000020  00140E       9F7       0  CODE    
                text27                         00140E  00002A  001438       A07       0  CODE    
                text23                         001438  00002A  001462       A1C       0  CODE    
                text36                         001462  000036  001498       A31       0  CODE    
                text42                         001498  00003A  0014D2       A4C       0  CODE    
                text6                          0014D2  000040  001512       A69       0  CODE    
                text4                          001512  000046  001558       A89       0  CODE    
                idataBANK0                     001558  00005E  0015B6      1558       0  CODE    
                text13                         0015B6  000064  00161A       ADB       0  CODE    
                text41                         00161A  00006C  001686       B0D       0  CODE    
                cinit                          001686  00006C  0016F2       B43       0  CODE    
                text40                         0016F2  00006E  001760       B79       0  CODE    
                text14                         001760  000074  0017D4       BB0       0  CODE    
                text15                         0017D4  000076  00184A       BEA       0  CODE    
                text12                         00184A  000084  0018CE       C25       0  CODE    
                text0                          0018CE  000092  001960       C67       0  CODE    
                text24                         001960  0000A8  001A08       CB0       0  CODE    
                text9                          001A08  000106  001B0E       D04       0  CODE    
                text16                         001B0E  000108  001C16       D87       0  CODE    
                text38                         001C16  000154  001D6A       E0B       0  CODE    
                text5                          001D6A  000162  001ECC       EB5       0  CODE    
                text3                          001ECC  000180  00204C       F66       0  CODE    
                text2                          00204C  000188  0021D4      1026       0  CODE    
                text1                          0021D4  0001AA  00237E      10EA       0  CODE    
                text8                          00237E  0001B4  002532      11BF       0  CODE    
                text26                         002532  00020A  00273C      1299       0  CODE    
                text10                         00273C  00039A  002AD6      139E       0  CODE    
                text11                         002AD6  00040A  002EE0      156B       0  CODE    
                mediumconst                    002EE0  000120  003000      1770       0  MEDIUMCO


UNUSED ADDRESS RANGES

        Name                Unused          Largest block    Delta
        BANK0            0000C7-0000FF               39
        BANK1            0001A0-0001FF               60
        BANK2            000200-0002FF              100
        BANK3            000300-0003FF              100
        BANK4            000400-0004FF              100
        BANK5            000500-0005FF              100
        BIGRAM           00005C-00005F                4
                         0000C7-0000FF               39
                         0001A0-0005FF              460
        BIGSFR           000D00-000FFF              300
        CODE             000004-0012B8             12B5
                         003000-003000                1
        COMRAM           00005C-00005F                4
        CONST            000004-0012B8             12B5
                         003000-003000                1
        EEDATA           F00000-F000FF              100
        MEDIUMCONST      000600-0012B8              CB9
                         003000-003000                1
        RAM              0000C7-0000FF               39
                         0001A0-0005FF              100
        SFR              000D00-000FFF              100
        SMALLCONST       000600-0012B8              100
                         003000-003000                1

                                  Symbol Table

?___fldiv                      cstackCOMRAM 000016
?___fltol                      cstackCOMRAM 00002F
?___lwdiv                      cstackCOMRAM 000001
?___lwmod                      cstackCOMRAM 000001
?___xxtofl                     cstackCOMRAM 000008
?_read_adc                     cstackCOMRAM 000001
_ACKDT                         (abs)        007E2D
_ACKEN                         (abs)        007E2C
_ACKSTAT                       (abs)        007E2E
_ACQT0                         (abs)        007E03
_ACQT1                         (abs)        007E04
_ACQT2                         (abs)        007E05
_ADCON0                        (abs)        000FC2
_ADCON1                        (abs)        000FC1
_ADCS0                         (abs)        007E00
_ADCS1                         (abs)        007E01
_ADCS2                         (abs)        007E02
_ADFM                          (abs)        007E07
_ADON                          (abs)        007E10
_ADRESH                        (abs)        000FC4
_ADRESL                        (abs)        000FC3
_BCLIF                         (abs)        007D0B
_BRG16                         (abs)        007DC3
_BRGH                          (abs)        007D62
_CKE                           (abs)        007E3E
_CREN                          (abs)        007D5C
_GO                            (abs)        007E11
_GODONE                        (abs)        007E11
_PEN                           (abs)        007E2A
_PORTB                         (abs)        000F81
_PORTBbits                     (abs)        000F81
_PORTD                         (abs)        000F83
_RBPU                          (abs)        007F8F
_RC0                           (abs)        007C10
_RC1                           (abs)        007C11
_RC2                           (abs)        007C12
_RCEN                          (abs)        007E2B
_RCIF                          (abs)        007CF5
_RCREG                         (abs)        000FAE
_RD7                           (abs)        007C1F
_RSEN                          (abs)        007E29
_RX9                           (abs)        007D5E
_SEN                           (abs)        007E28
_SENDB                         (abs)        007D63
_SMP                           (abs)        007E3F
_SPBRG                         (abs)        000FAF
_SPEN                          (abs)        007D5F
_SSPADD                        (abs)        000FC8
_SSPBUF                        (abs)        000FC9
_SSPCON1                       (abs)        000FC6
_SSPIF                         (abs)        007CF3
_SYNC                          (abs)        007D64
_TRISB                         (abs)        000F93
_TRISC                         (abs)        000F94
_TRISC3                        (abs)        007CA3
_TRISC4                        (abs)        007CA4
_TRISC6                        (abs)        007CA6
_TRISC7                        (abs)        007CA7
_TRISD                         (abs)        000F95
_TRISD7                        (abs)        007CAF
_TX9                           (abs)        007D66
_TXEN                          (abs)        007D65
_TXIF                          (abs)        007CF4
_TXREG                         (abs)        000FAD
_VCFG0                         (abs)        007E0C
_VCFG1                         (abs)        007E0D
__HRAM                         (abs)        000000
__H__absolute__                __absolute__ 000000
__Habs1                        abs1         000000
__Hbank0                       bank0        000000
__Hbank1                       bank1        000000
__Hbank2                       bank2        000000
__Hbank3                       bank3        000000
__Hbank4                       bank4        000000
__Hbank5                       bank5        000000
__Hbigbss                      bigbss       000000
__Hbigdata                     bigdata      000000
__Hbigram                      bigram       000000
__Hbigsfr                      bigsfr       000000
__Hbss                         bss          000000
__HbssBANK0                    bssBANK0     000000
__HbssBANK1                    bssBANK1     000000
__HbssCOMRAM                   bssCOMRAM    000000
__Hcinit                       cinit        000000
__Hclrtext                     clrtext      000000
__Hcomram                      comram       000000
__Hconfig                      config       30000E
__Hconst                       const        000000
__HcstackCOMRAM                cstackCOMRAM 000000
__Hdata                        data         000000
__HdataBANK0                   dataBANK0    000000
__HdataCOMRAM                  dataCOMRAM   000000
__Heeprom_data                 eeprom_data  000000
__Hfarbss                      farbss       000000
__Hfardata                     fardata      000000
__Hheap                        heap         000000
__Hibigdata                    ibigdata     000000
__Hidata                       idata        000000
__HidataBANK0                  idataBANK0   000000
__HidataCOMRAM                 idataCOMRAM  000000
__Hidloc                       idloc        200008
__Hifardata                    ifardata     000000
__Hinit                        init         000004
__Hintcode                     intcode      000000
__Hintcode_body                intcode_body 000000
__Hintcodelo                   intcodelo    000000
__Hintentry                    intentry     000000
__Hintret                      intret       000000
__Hintsave_regs                intsave_regs 000000
__Hirdata                      irdata       000000
__Hmediumconst                 mediumconst  003000
__HnvFARRAM                    nvFARRAM     000000
__Hnvbit                       nvbit        000000
__Hnvrram                      nvrram       000000
__Hparam                       rparam       000000
__Hpowerup                     powerup      000000
__Hram                         ram          000000
__Hramtop                      ramtop       000600
__Hrbit                        rbit         000000
__Hrbss                        rbss         000000
__Hrdata                       rdata        000000
__Hreset_vec                   reset_vec    000000
__Hrparam                      rparam       000000
__Hsfr                         sfr          000000
__Hsivt_hi                     sivt_hi      000000
__Hsivt_lo                     sivt_lo      000000
__Hsmallconst                  smallconst   000000
__Hspace_0                     (abs)        003000
__Hspace_1                     (abs)        0001A0
__Hspace_2                     (abs)        000000
__Hspace_4                     (abs)        60000E
__Hstack                       stack        000000
__Hstruct                      struct       000000
__Htemp                        temp         000000
__Htext                        text         000000
__Htext0                       text0        000000
__Htext1                       text1        000000
__Htext10                      text10       000000
__Htext11                      text11       000000
__Htext12                      text12       000000
__Htext13                      text13       000000
__Htext14                      text14       000000
__Htext15                      text15       000000
__Htext16                      text16       000000
__Htext17                      text17       000000
__Htext18                      text18       000000
__Htext19                      text19       000000
__Htext2                       text2        000000
__Htext20                      text20       000000
__Htext21                      text21       000000
__Htext22                      text22       000000
__Htext23                      text23       000000
__Htext24                      text24       000000
__Htext25                      text25       000000
__Htext26                      text26       000000
__Htext27                      text27       000000
__Htext28                      text28       000000
__Htext29                      text29       000000
__Htext3                       text3        000000
__Htext30                      text30       000000
__Htext31                      text31       000000
__Htext32                      text32       000000
__Htext33                      text33       000000
__Htext34                      text34       000000
__Htext35                      text35       000000
__Htext36                      text36       000000
__Htext37                      text37       000000
__Htext38                      text38       000000
__Htext39                      text39       000000
__Htext4                       text4        000000
__Htext40                      text40       000000
__Htext41                      text41       000000
__Htext42                      text42       000000
__Htext5                       text5        000000
__Htext6                       text6        000000
__Htext7                       text7        000000
__Htext8                       text8        000000
__Htext9                       text9        000000
__LRAM                         (abs)        000001
__L__absolute__                __absolute__ 000000
__Labs1                        abs1         000000
__Lbank0                       bank0        000000
__Lbank1                       bank1        000000
__Lbank2                       bank2        000000
__Lbank3                       bank3        000000
__Lbank4                       bank4        000000
__Lbank5                       bank5        000000
__Lbigbss                      bigbss       000000
__Lbigdata                     bigdata      000000
__Lbigram                      bigram       000000
__Lbigsfr                      bigsfr       000000
__Lbss                         bss          000000
__LbssBANK0                    bssBANK0     000000
__LbssBANK1                    bssBANK1     000000
__LbssCOMRAM                   bssCOMRAM    000000
__Lcinit                       cinit        000000
__Lclrtext                     clrtext      000000
__Lcomram                      comram       000000
__Lconfig                      config       000000
__Lconst                       const        000000
__LcstackCOMRAM                cstackCOMRAM 000000
__Ldata                        data         000000
__LdataBANK0                   dataBANK0    000000
__LdataCOMRAM                  dataCOMRAM   000000
__Leeprom_data                 eeprom_data  000000
__Lfarbss                      farbss       000000
__Lfardata                     fardata      000000
__Lheap                        heap         000000
__Libigdata                    ibigdata     000000
__Lidata                       idata        000000
__LidataBANK0                  idataBANK0   000000
__LidataCOMRAM                 idataCOMRAM  000000
__Lidloc                       idloc        000000
__Lifardata                    ifardata     000000
__Linit                        init         000000
__Lintcode                     intcode      000000
__Lintcode_body                intcode_body 000000
__Lintcodelo                   intcodelo    000000
__Lintentry                    intentry     000000
__Lintret                      intret       000000
__Lintsave_regs                intsave_regs 000000
__Lirdata                      irdata       000000
__Lmediumconst                 mediumconst  002EE0
__LnvFARRAM                    nvFARRAM     000000
__Lnvbit                       nvbit        000000
__Lnvrram                      nvrram       000000
__Lparam                       rparam       000000
__Lpowerup                     powerup      000000
__Lram                         ram          000000
__Lramtop                      ramtop       000600
__Lrbit                        rbit         000000
__Lrbss                        rbss         000000
__Lrdata                       rdata        000000
__Lreset_vec                   reset_vec    000000
__Lrparam                      rparam       000000
__Lsfr                         sfr          000000
__Lsivt_hi                     sivt_hi      000000
__Lsivt_lo                     sivt_lo      000000
__Lsmallconst                  smallconst   000000
__Lspace_0                     (abs)        000000
__Lspace_1                     (abs)        000000
__Lspace_2                     (abs)        000000
__Lspace_4                     (abs)        000000
__Lstack                       stack        000000
__Lstruct                      struct       000000
__Ltemp                        temp         000000
__Ltext                        text         000000
__Ltext0                       text0        000000
__Ltext1                       text1        000000
__Ltext10                      text10       000000
__Ltext11                      text11       000000
__Ltext12                      text12       000000
__Ltext13                      text13       000000
__Ltext14                      text14       000000
__Ltext15                      text15       000000
__Ltext16                      text16       000000
__Ltext17                      text17       000000
__Ltext18                      text18       000000
__Ltext19                      text19       000000
__Ltext2                       text2        000000
__Ltext20                      text20       000000
__Ltext21                      text21       000000
__Ltext22                      text22       000000
__Ltext23                      text23       000000
__Ltext24                      text24       000000
__Ltext25                      text25       000000
__Ltext26                      text26       000000
__Ltext27                      text27       000000
__Ltext28                      text28       000000
__Ltext29                      text29       000000
__Ltext3                       text3        000000
__Ltext30                      text30       000000
__Ltext31                      text31       000000
__Ltext32                      text32       000000
__Ltext33                      text33       000000
__Ltext34                      text34       000000
__Ltext35                      text35       000000
__Ltext36                      text36       000000
__Ltext37                      text37       000000
__Ltext38                      text38       000000
__Ltext39                      text39       000000
__Ltext4                       text4        000000
__Ltext40                      text40       000000
__Ltext41                      text41       000000
__Ltext42                      text42       000000
__Ltext5                       text5        000000
__Ltext6                       text6        000000
__Ltext7                       text7        000000
__Ltext8                       text8        000000
__Ltext9                       text9        000000
__S0                           (abs)        003000
__S1                           (abs)        0001A0
__S4                           (abs)        000000
__S5                           (abs)        000000
___fldiv                       text10       00273C
___fldiv@a                     cstackCOMRAM 00001A
___fldiv@aexp                  cstackCOMRAM 00002E
___fldiv@b                     cstackCOMRAM 000016
___fldiv@bexp                  cstackCOMRAM 00002D
___fldiv@grs                   cstackCOMRAM 000029
___fldiv@new_exp               cstackCOMRAM 000027
___fldiv@rem                   cstackCOMRAM 000022
___fldiv@sign                  cstackCOMRAM 000026
___fltol                       text9        001A08
___fltol@exp1                  cstackCOMRAM 000038
___fltol@f1                    cstackCOMRAM 00002F
___fltol@sign1                 cstackCOMRAM 000037
___heap_hi                     (abs)        000000
___heap_lo                     (abs)        000000
___inthi_sp                    stack        000000
___inthi_stack_hi              stack        000000
___inthi_stack_lo              stack        000000
___intlo_sp                    stack        000000
___intlo_stack_hi              stack        000000
___intlo_stack_lo              stack        000000
___lwdiv                       text14       001760
___lwdiv@counter               cstackCOMRAM 000007
___lwdiv@dividend              cstackCOMRAM 000001
___lwdiv@divisor               cstackCOMRAM 000003
___lwdiv@quotient              cstackCOMRAM 000005
___lwmod                       text13       0015B6
___lwmod@counter               cstackCOMRAM 000005
___lwmod@dividend              cstackCOMRAM 000001
___lwmod@divisor               cstackCOMRAM 000003
___param_bank                  (abs)        000000
___rparam_used                 (abs)        000001
___sp                          stack        000000
___stack_hi                    stack        000000
___stack_lo                    stack        000000
___xxtofl                      text8        00237E
___xxtofl@arg                  cstackCOMRAM 000012
___xxtofl@exp                  cstackCOMRAM 000011
___xxtofl@sign                 cstackCOMRAM 000010
___xxtofl@val                  cstackCOMRAM 000008
__accesstop                    (abs)        000060
__activetblptr                 (abs)        000002
__end_of___fldiv               text10       002AD6
__end_of___fltol               text9        001B0E
__end_of___lwdiv               text14       0017D4
__end_of___lwmod               text13       00161A
__end_of___xxtofl              text8        002532
__end_of__initialization       cinit        0016E8
__end_of_clcd_print            text41       001686
__end_of_clcd_putch            text39       001360
__end_of_clcd_write            text42       0014D2
__end_of_clear_log             text40       001760
__end_of_display_main_menu     text38       001D6A
__end_of_display_time          text7        001332
__end_of_download_log          text26       00273C
__end_of_event_reader          text2        0021D4
__end_of_event_store           text5        001ECC
__end_of_get_time              text12       0018CE
__end_of_i2c_idle              text34       00130C
__end_of_i2c_no_ack            text35       0012C2
__end_of_i2c_read              text32       0012EE
__end_of_i2c_rep_start         text31       0012D2
__end_of_i2c_rx_mode           text33       0012CA
__end_of_i2c_start             text30       0012DA
__end_of_i2c_stop              text29       0012E2
__end_of_i2c_write             text28       0012FA
__end_of_init_adc              text25       0013EE
__end_of_init_clcd             text24       001A08
__end_of_init_config           text17       0013CE
__end_of_init_ds1307           text21       001392
__end_of_init_i2c              text20       001348
__end_of_init_matrix_keypad    text19       00131E
__end_of_init_uart             text18       00140E
__end_of_main                  text0        001960
__end_of_putch                 text37       001378
__end_of_puts                  text36       001498
__end_of_read_adc              text4        001558
__end_of_read_ds1307           text23       001462
__end_of_read_external_EEPROM  text27       001438
__end_of_read_switches         text15       00184A
__end_of_scan_key              text16       001C16
__end_of_set_time              text11       002EE0
__end_of_view_dashboard        text3        00204C
__end_of_view_log              text1        00237E
__end_of_write_ds1307          text22       0013B0
__end_of_write_external_EEPROM text6        001512
__initialization               cinit        001686
__mediumconst                  mediumconst  002EE0
__pbssBANK0                    bssBANK0     0000BE
__pbssBANK1                    bssBANK1     000100
__pbssCOMRAM                   bssCOMRAM    00003C
__pcinit                       cinit        001686
__pcstackCOMRAM                cstackCOMRAM 000001
__pdataBANK0                   dataBANK0    000060
__pdataCOMRAM                  dataCOMRAM   000059
__pidataBANK0                  idataBANK0   001558
__pidataCOMRAM                 idataCOMRAM  0012B9
__pmediumconst                 mediumconst  002EE0
__ptext0                       text0        0018CE
__ptext1                       text1        0021D4
__ptext10                      text10       00273C
__ptext11                      text11       002AD6
__ptext12                      text12       00184A
__ptext13                      text13       0015B6
__ptext14                      text14       001760
__ptext15                      text15       0017D4
__ptext16                      text16       001B0E
__ptext17                      text17       0013B0
__ptext18                      text18       0013EE
__ptext19                      text19       00130C
__ptext2                       text2        00204C
__ptext20                      text20       001332
__ptext21                      text21       001378
__ptext22                      text22       001392
__ptext23                      text23       001438
__ptext24                      text24       001960
__ptext25                      text25       0013CE
__ptext26                      text26       002532
__ptext27                      text27       00140E
__ptext28                      text28       0012EE
__ptext29                      text29       0012DA
__ptext3                       text3        001ECC
__ptext30                      text30       0012D2
__ptext31                      text31       0012CA
__ptext32                      text32       0012E2
__ptext33                      text33       0012C2
__ptext34                      text34       0012FA
__ptext35                      text35       0012BC
__ptext36                      text36       001462
__ptext37                      text37       001360
__ptext38                      text38       001C16
__ptext39                      text39       001348
__ptext4                       text4        001512
__ptext40                      text40       0016F2
__ptext41                      text41       00161A
__ptext42                      text42       001498
__ptext5                       text5        001D6A
__ptext6                       text6        0014D2
__ptext7                       text7        00131E
__ptext8                       text8        00237E
__ptext9                       text9        001A08
__ramtop                       ramtop       000600
__smallconst                   smallconst   000000
_adc_reg_val                   bssCOMRAM    00004D
_address                       bssCOMRAM    000053
_clcd_print                    text41       00161A
_clcd_putch                    text39       001348
_clcd_write                    text42       001498
_clear_log                     text40       0016F2
_clock_reg                     bssCOMRAM    000046
_data                          bssBANK1     000100
_delay                         bssCOMRAM    000042
_display_main_menu             text38       001C16
_display_time                  text7        00131E
_download_log                  text26       002532
_event_reader                  text2        00204C
_event_store                   text5        001D6A
_flag                          dataCOMRAM   00005B
_flag1                         bssCOMRAM    000054
_flagER                        dataCOMRAM   00005A
_gear_index                    bssCOMRAM    000055
_gears                         dataBANK0    0000A0
_get_time                      text12       00184A
_i2c_idle                      text34       0012FA
_i2c_no_ack                    text35       0012BC
_i2c_read                      text32       0012E2
_i2c_rep_start                 text31       0012CA
_i2c_rx_mode                   text33       0012C2
_i2c_start                     text30       0012D2
_i2c_stop                      text29       0012DA
_i2c_write                     text28       0012EE
_init_adc                      text25       0013CE
_init_clcd                     text24       001960
_init_config                   text17       0013B0
_init_ds1307                   text21       001378
_init_i2c                      text20       001332
_init_matrix_keypad            text19       00130C
_init_uart                     text18       0013EE
_key                           bssCOMRAM    000057
_main                          text0        0018CE
_menu                          dataBANK0    000060
_menu_index                    bssCOMRAM    000056
_no_of_events                  bssCOMRAM    000052
_putch                         text37       001360
_puts                          text36       001462
_read_adc                      text4        001512
_read_ds1307                   text23       001438
_read_external_EEPROM          text27       00140E
_read_switches                 text15       0017D4
_scan_key                      text16       001B0E
_set_time                      text11       002AD6
_state                         bssCOMRAM    000058
_time                          bssBANK0     0000BE
_view_dashboard                text3        001ECC
_view_log                      text1        0021D4
_write_ds1307                  text22       001392
_write_external_EEPROM         text6        0014D2
clcd_print@addr                cstackCOMRAM 000005
clcd_print@data                cstackCOMRAM 000003
clcd_putch@addr                cstackCOMRAM 000008
clcd_putch@data                cstackCOMRAM 000009
clcd_write@byte                cstackCOMRAM 000002
clcd_write@control_bit         cstackCOMRAM 000001
download_log@add               cstackCOMRAM 00001C
download_log@delay1            cstackCOMRAM 000014
download_log@delay1_228        cstackCOMRAM 000018
download_log@i                 cstackCOMRAM 00001F
download_log@index             cstackCOMRAM 00001D
download_log@log               cstackCOMRAM 000009
end_of_initialization          cinit        0016E8
event_reader@i                 cstackCOMRAM 000009
event_reader@j                 cstackCOMRAM 00000B
event_reader@read_address      cstackCOMRAM 000008
event_store@address1           cstackCOMRAM 000010
event_store@address2           cstackCOMRAM 000011
event_store@data_ew            cstackCOMRAM 000012
event_store@gear               cstackCOMRAM 00000D
event_store@i                  cstackCOMRAM 000013
event_store@i_195              cstackCOMRAM 000017
event_store@j                  cstackCOMRAM 000015
event_store@speed              cstackCOMRAM 00000E
event_store@time               cstackCOMRAM 00000C
i2c_write@data                 cstackCOMRAM 000001
init_ds1307@dummy              cstackCOMRAM 000004
intlevel0                      text         000000
intlevel1                      text         000000
intlevel2                      text         000000
intlevel3                      text         000000
isa$std                        (abs)        000001
isa$xinst                      (abs)        000000
putch@byte                     cstackCOMRAM 000001
puts@s                         cstackCOMRAM 000002
read_adc@channel               cstackCOMRAM 000007
read_adc@reg_val               cstackCOMRAM 000005
read_ds1307@address            cstackCOMRAM 000002
read_ds1307@data               cstackCOMRAM 000003
read_external_EEPROM@address   cstackCOMRAM 000002
read_external_EEPROM@data      cstackCOMRAM 000003
read_switches@detection_type   cstackCOMRAM 000001
read_switches@key              bssCOMRAM    00004F
read_switches@once             dataCOMRAM   000059
set_time@blink_delay           bssCOMRAM    000051
set_time@blink_pos             bssCOMRAM    000049
set_time@buffer                cstackCOMRAM 000010
set_time@delay1                cstackCOMRAM 00000C
set_time@new_time              bssCOMRAM    00003C
set_time@once                  bssCOMRAM    000050
stackhi                        (abs)        000000
stacklo                        (abs)        000000
start                          init         000000
start_initialization           cinit        001686
view_log@delay                 cstackCOMRAM 000010
view_log@index                 bssCOMRAM    00004B
write_ds1307@address           cstackCOMRAM 000003
write_ds1307@data              cstackCOMRAM 000002
write_external_EEPROM@address  cstackCOMRAM 00000B
write_external_EEPROM@data     cstackCOMRAM 000008
write_external_EEPROM@i        cstackCOMRAM 000009


MODULE INFORMATION

Module		Function		Class		Link	Load	Size
C:\Program Files\Microchip\xc8\v2.46\pic\sources\c99\common\fltol.c
		___fltol       		CODE           	1A08	0000	262

C:\Program Files\Microchip\xc8\v2.46\pic\sources\c99\common\fltol.c estimated size: 262

matrix_keypad.c
		_init_matrix_keypad		CODE           	130C	0000	18
		_read_switches 		CODE           	17D4	0000	118
		_scan_key      		CODE           	1B0E	0000	264

matrix_keypad.c estimated size: 400

uart.c
		_putch         		CODE           	1360	0000	24
		_init_uart     		CODE           	13EE	0000	32
		_puts          		CODE           	1462	0000	54

uart.c estimated size: 110

C:\Program Files\Microchip\xc8\v2.46\pic\sources\c99\common\lwdiv.c
		___lwdiv       		CODE           	1760	0000	116

C:\Program Files\Microchip\xc8\v2.46\pic\sources\c99\common\lwdiv.c estimated size: 116

C:\Program Files\Microchip\xc8\v2.46\pic\sources\c99\common\xxtofl.c
		___xxtofl      		CODE           	237E	0000	436

C:\Program Files\Microchip\xc8\v2.46\pic\sources\c99\common\xxtofl.c estimated size: 436

i2c.c
		_i2c_start     		CODE           	12D2	0000	8
		_i2c_no_ack    		CODE           	12BC	0000	6
		_i2c_rep_start 		CODE           	12CA	0000	8
		_i2c_idle      		CODE           	12FA	0000	18
		_i2c_write     		CODE           	12EE	0000	12
		_i2c_stop      		CODE           	12DA	0000	8
		_i2c_read      		CODE           	12E2	0000	12
		_init_i2c      		CODE           	1332	0000	22
		_i2c_rx_mode   		CODE           	12C2	0000	8

i2c.c estimated size: 102

C:\Program Files\Microchip\xc8\v2.46\pic\sources\c99\common\sprcdiv.c
		___fldiv       		CODE           	273C	0000	922

C:\Program Files\Microchip\xc8\v2.46\pic\sources\c99\common\sprcdiv.c estimated size: 922

ds1307.c
		_read_ds1307   		CODE           	1438	0000	42
		_write_ds1307  		CODE           	1392	0000	30
		_init_ds1307   		CODE           	1378	0000	26

ds1307.c estimated size: 98

adc.c
		_init_adc      		CODE           	13CE	0000	32
		_read_adc      		CODE           	1512	0000	70

adc.c estimated size: 102

shared
		__initialization		CODE           	1686	0000	98

shared estimated size: 98

clcd.c
		_clcd_write    		CODE           	1498	0000	58
		_clcd_print    		CODE           	161A	0000	108
		_clcd_putch    		CODE           	1348	0000	24
		_init_clcd     		CODE           	1960	0000	168

clcd.c estimated size: 358

at24c04.c
		_read_external_EEPROM		CODE           	140E	0000	42
		_write_external_EEPROM		CODE           	14D2	0000	64

at24c04.c estimated size: 106

C:\Program Files\Microchip\xc8\v2.46\pic\sources\c99\common\lwmod.c
		___lwmod       		CODE           	15B6	0000	100

C:\Program Files\Microchip\xc8\v2.46\pic\sources\c99\common\lwmod.c estimated size: 100

main.c
		_view_log      		CODE           	21D4	0000	426
		_display_time  		CODE           	131E	0000	20
		_event_store   		CODE           	1D6A	0000	354
		_main          		CODE           	18CE	0000	146
		_display_main_menu		CODE           	1C16	0000	340
		_get_time      		CODE           	184A	0000	132
		_event_reader  		CODE           	204C	0000	392
		_download_log  		CODE           	2532	0000	522
		_set_time      		CODE           	2AD6	0000	1034
		_clear_log     		CODE           	16F2	0000	110
		_init_config   		CODE           	13B0	0000	30
		_view_dashboard		CODE           	1ECC	0000	384

main.c estimated size: 3890

